// Jest Snapshot v1, https://goo.gl/fbAQLP

exports[`renders without crashing 1`] = `
<div>
  <div
    class="body"
    data-testid="container"
  >
    <div>
      <div
        class="container"
      >
        <h1>
          Photo of the day for 
        </h1>
        <header>
          <h2>
            <span>
              Title:
            </span>
             
          </h2>
        </header>
        <div
          class="image-div"
        >
          <img
            alt="photo of the day"
            style="width: 100%;"
          />
          <div
            class="description-holder"
          >
            <p />
          </div>
        </div>
        <div
          class="btn"
        >
          <button
            class="ant-btn btn-btn"
            data-testid="previous"
            type="button"
          >
            <span>
              Previous
            </span>
          </button>
          <button
            class="ant-btn btn-btn"
            data-testid="next"
            type="button"
          >
            <span>
              Next
            </span>
          </button>
          <span
            class="btn-btn ant-calendar-picker"
          >
            <div>
              <input
                class="ant-calendar-picker-input ant-input"
                name="chosen_Date"
                placeholder="Date"
                readonly=""
                value=""
              />
              <i
                aria-label="icon: calendar"
                class="anticon anticon-calendar ant-calendar-picker-icon"
              >
                <svg
                  aria-hidden="true"
                  class=""
                  data-icon="calendar"
                  fill="currentColor"
                  focusable="false"
                  height="1em"
                  viewBox="64 64 896 896"
                  width="1em"
                >
                  <path
                    d="M880 184H712v-64c0-4.4-3.6-8-8-8h-56c-4.4 0-8 3.6-8 8v64H384v-64c0-4.4-3.6-8-8-8h-56c-4.4 0-8 3.6-8 8v64H144c-17.7 0-32 14.3-32 32v664c0 17.7 14.3 32 32 32h736c17.7 0 32-14.3 32-32V216c0-17.7-14.3-32-32-32zm-40 656H184V460h656v380zM184 392V256h128v48c0 4.4 3.6 8 8 8h56c4.4 0 8-3.6 8-8v-48h256v48c0 4.4 3.6 8 8 8h56c4.4 0 8-3.6 8-8v-48h128v136H184z"
                  />
                </svg>
              </i>
            </div>
          </span>
          <button
            class="ant-btn btn-btn1"
            type="button"
          >
            <span>
              Set as Favorite
            </span>
          </button>
          <a
            href="/favorites"
          >
            <button
              class="ant-btn btn-btn1"
              data-testid="viewFav"
              type="button"
            >
              <span>
                View Favorite
              </span>
            </button>
          </a>
        </div>
      </div>
    </div>
  </div>
</div>
`;
